[copytradestation.com/index.html]
[backblue.gif]
[fade.gif]
[index.html]
[copytradestation.com/img/favicons/apple-touch-icon.png]
[copytradestation.com/img/favicons/favicon-32x32.png]
[copytradestation.com/img/favicons/favicon-16x16.png]
[copytradestation.com/img/favicons/favicon.ico]
[copytradestation.com/img/favicons/safari-pinned-tab.svg]
[copytradestation.com/img/favicons/site.webmanifest]
[copytradestation.com/img/favicons/browserconfig.xml]
[copytradestation.com/img/favicon.png]
[copytradestation.com/auth/blank.min.css]
[copytradestation.com/css/main.min1679.css]
[copytradestation.com/css/custom.css]
[copytradestation.com/css/all.min.css]
[www.smartsuppchat.com/loaderd41d.js]
[copytradestation.com/“https_/www.smartsupp.com”]
[copytradestation.com/img/logo.png]
[copytradestation.com/about.html]
[copytradestation.com/option-copy-trading.html]
[copytradestation.com/advance-trading.html]
[copytradestation.com/live-trading.html]
[copytradestation.com/futures.html]
[copytradestation.com/stock-trading.html]
[copytradestation.com/forex.html]
[copytradestation.com/oil-and-gas.html]
[copytradestation.com/insight.html]
[www.gstatic.com/images/branding/googlelogo/1x/googlelogo_color_42x16dp.png]
[translate.google.com/translate_a/element7876.js]
[copytradestation.com/login.html.html]
[copytradestation.com/img/platform.png]
[copytradestation.com/img/platform-mobile.png]
[copytradestation.com/register.html]
[copytradestation.com/28374TD.pdf]
[copytradestation.com/img/dignity-1.png]
[copytradestation.com/img/dignity-2.png]
[copytradestation.com/img/dignity-3.png]
[copytradestation.com/img/dignity-4.png]
[copytradestation.com/img/image_authenticate_03@3x.png]
[copytradestation.com/img/start-trading-1.png]
[copytradestation.com/img/start-trading-2.png]
[copytradestation.com/img/start-trading-3.png]
[copytradestation.com/img/reviews-appraisals.png]
[copytradestation.com/img/about-us-innovation.png]
[copytradestation.com/img/youtube.svg]
[copytradestation.com/img/facebook.svg]
[copytradestation.com/img/instagram.svg]
[copytradestation.com/img/twitter.svg]
[copytradestation.com/contact.html]
[copytradestation.com/terms.html]
[copytradestation.com/faq.html]
[copytradestation.com/img/images/spritemap.svg]
[copytradestation.com/index.html]
[copytradestation.com/img/favicons/apple-touch-icon.html]
[copytradestation.com/img/favicons/favicon-32x32.html]
[copytradestation.com/img/favicons/favicon-16x16.html]
[copytradestation.com/img/favicons/favicon.html]
[copytradestation.com/img/favicons/safari-pinned-tab.html]
[copytradestation.com/img/favicons/site.html]
[copytradestation.com/img/favicons/browserconfig.html]
[copytradestation.com/img/favicon.html]
[copytradestation.com/auth/flags_20x20_r_sprites.png]
[copytradestation.com/themes/cabinet/fonts/NunitoSansRegular/NunitoSansRegular.eot]
[copytradestation.com/themes/cabinet/fonts/NunitoSansRegular/NunitoSansRegulard41d.eot]
[copytradestation.com/themes/cabinet/fonts/NunitoSansRegular/NunitoSansRegular.woff]
[copytradestation.com/themes/cabinet/fonts/NunitoSansRegular/NunitoSansRegular.ttf]
[copytradestation.com/themes/cabinet/fonts/OpenSansSemiBold/OpenSans-SemiBold.eot]
[copytradestation.com/themes/cabinet/fonts/OpenSansSemiBold/OpenSans-SemiBoldd41d.eot]
[copytradestation.com/themes/cabinet/fonts/OpenSansSemiBold/OpenSans-SemiBold.woff]
[copytradestation.com/themes/cabinet/fonts/OpenSansSemiBold/OpenSans-SemiBold.ttf]
[copytradestation.com/svg/icon-left.svg]
[copytradestation.com/auth/icon-drop-down.png]
[copytradestation.com/png/ic-eye.png]
[copytradestation.com/png/ic-eye@2x.png]
[copytradestation.com/png/icon-facebook.png]
[copytradestation.com/png/icon-google.png]
[copytradestation.com/auth/blank.min.css]
[copytradestation.com/auth/icon-refresh-blue.svg]
[copytradestation.com/fonts/Roboto-Thin.ttf]
[copytradestation.com/fonts/Roboto-Thinitalic.ttf]
[copytradestation.com/fonts/Robotolight.ttf]
[copytradestation.com/fonts/Roboto-Lightitalic.ttf]
[copytradestation.com/fonts/Roboto-Regular.ttf]
[copytradestation.com/fonts/Roboto-Italic.ttf]
[copytradestation.com/fonts/Roboto-Medium.ttf]
[copytradestation.com/fonts/Roboto-Mediumitalic.ttf]
[copytradestation.com/fonts/Roboto-Bold.ttf]
[copytradestation.com/fonts/Roboto-Bolditalic.ttf]
[copytradestation.com/fonts/Roboto-Black.ttf]
[copytradestation.com/fonts/Roboto-Blackitalic.ttf]
[copytradestation.com/img/icons/arrow-green-right.svg]
[copytradestation.com/img/icons/youtube-white.svg]
[copytradestation.com/img/icons/facebook-white.svg]
[copytradestation.com/img/icons/instagram-white.svg]
[copytradestation.com/img/icons/twitter-white.svg]
[copytradestation.com/img/icons/arrow-right-white.svg]
[copytradestation.com/img/icons/arrow-contact.svg]
[copytradestation.com/img/icons/online-learning.svg]
[copytradestation.com/img/icons/mind.svg]
[copytradestation.com/img/icons/bubble-speak.svg]
[copytradestation.com/img/visa.svg]
[copytradestation.com/img/mastercard.svg]
[copytradestation.com/img/icons/skrill.svg]
[copytradestation.com/img/icons/neteller.svg]
[copytradestation.com/img/icons/yandex.svg]
[copytradestation.com/img/icons/webmoney.svg]
[copytradestation.com/img/icons/qiwi.svg]
[copytradestation.com/img/icons/rupay.svg]
[copytradestation.com/img/icons/airtel.svg]
[copytradestation.com/img/icons/olamoney.svg]
[copytradestation.com/img/icons/upi.svg]
[copytradestation.com/img/icons/mobikwik.svg]
[copytradestation.com/img/icons/paytm.svg]
[copytradestation.com/img/icons/bank_indian.svg]
[copytradestation.com/img/icons/bni.svg]
[copytradestation.com/img/icons/doku.svg]
[copytradestation.com/img/icons/mandiri.svg]
[copytradestation.com/img/icons/danamon.svg]
[copytradestation.com/img/icons/bank_indonesian.svg]
[copytradestation.com/img/icons/pix.svg]
[copytradestation.com/img/icons/paylivre.svg]
[copytradestation.com/img/icons/itau.svg]
[copytradestation.com/img/advcash.svg]
[copytradestation.com/img/icons/maybank.6e.delayed]
[copytradestation.com/img/icons/rhb_bank.svg]
[copytradestation.com/img/icons/cimb.svg]
[copytradestation.com/img/icons/hong_leon.svg]
[copytradestation.com/img/icons/public_bank.svg]
[copytradestation.com/img/icons/bank_malasia.svg]
[copytradestation.com/img/icons/promptpay.svg]
[copytradestation.com/img/perfect_money.svg]
[copytradestation.com/img/icons/bank_thailand.76.delayed]
[copytradestation.com/img/icons/grabpay.svg]
[copytradestation.com/img/icons/gcash.svg]
[copytradestation.com/img/icons/paymaya.svg]
[copytradestation.com/img/icons/coins_ph.svg]
[copytradestation.com/img/icons/momo.svg]
[copytradestation.com/img/icons/bank_vietnam.svg]
[copytradestation.com/img/icons/yomoney.svg]
[copytradestation.com/img/icons/fkwallet.svg]
[copytradestation.com/img/icons/piastrix.svg]
[copytradestation.com/img/icons/analytics.svg]
[copytradestation.com/img/icons/diagram.svg]
[copytradestation.com/img/icons/graph.svg]
[copytradestation.com/img/icons/award.svg]
[copytradestation.com/img/icons/rocket.svg]
[copytradestation.com/img/icons/businessman.svg]
[copytradestation.com/img/icons/youtube.svg]
[copytradestation.com/img/icons/facebook.svg]
[copytradestation.com/img/icons/instagram.svg]
[copytradestation.com/img/icons/twitter.svg]
[copytradestation.com/img/icons/arrow-dark-down.svg]
[copytradestation.com/img/icons/arrow-white-down.svg]
[copytradestation.com/img/countries/english.svg]
[copytradestation.com/img/countries/russia.svg]
[copytradestation.com/img/countries/portugal.svg]
[copytradestation.com/img/countries/spain.svg]
[copytradestation.com/img/countries/italian.svg]
[copytradestation.com/img/countries/poland.svg]
[copytradestation.com/img/countries/france.svg]
[copytradestation.com/img/countries/deutsch.svg]
[copytradestation.com/img/countries/indonesian.svg]
[copytradestation.com/img/countries/ukraine.svg]
[copytradestation.com/img/countries/china.svg]
[copytradestation.com/img/countries/turkey.svg]
[copytradestation.com/img/countries/india.svg]
[copytradestation.com/img/countries/iran.svg]
[copytradestation.com/img/countries/thailand.svg]
[copytradestation.com/img/countries/saudi.svg]
[copytradestation.com/img/countries/vietnam.svg]
[copytradestation.com/img/countries/malay.svg]
[copytradestation.com/img/countries/philippines.svg]
[copytradestation.com/img/countries/brazil.svg]
[copytradestation.com/img/countries/japan.svg]
[copytradestation.com/img/countries/bangladesh.svg]
[copytradestation.com/img/icons/article.svg]
[copytradestation.com/img/icons/video.svg]
[copytradestation.com/img/icons/facebook-color.svg]
[copytradestation.com/img/icons/google-color.svg]
[copytradestation.com/img/icons/vk-color.svg]
[copytradestation.com/img/icons/facebook-login.svg]
[copytradestation.com/img/icons/google.svg]
[copytradestation.com/img/icons/vk.svg]
[copytradestation.com/img/icons/error.svg]
[copytradestation.com/img/icons/tw-blue.svg]
[copytradestation.com/img/icons/tg-blue.svg]
[copytradestation.com/img/icons/inst-blue.svg]
[copytradestation.com/img/icons/fb-blue.svg]
[copytradestation.com/img/icons/arrow-dark-left.svg]
[copytradestation.com/img/icons/arrow-dark-right.svg]
[copytradestation.com/img/icons/arrow-green-up.svg]
[copytradestation.com/img/icons/arrow-red-down.svg]
[copytradestation.com/img/quotex_logo.svg]
[copytradestation.com/img/quotex_logo-white-mobile.svg]
[copytradestation.com/img/icons/alert.svg]
[copytradestation.com/img/icons/quote.svg]
[copytradestation.com/img/icons/to-top.svg]
[copytradestation.com/img/icons/plainCon.svg]
[copytradestation.com/img/icons/beforecontact.svg]
[copytradestation.com/img/about-us-modern.png]
[copytradestation.com/img/about-us-modern-mobile.bb.delayed]
[copytradestation.com/img/about-us-problem-quotes.svg]
[copytradestation.com/img/about-us-innovation-mobile.png]
[copytradestation.com/img/bg-sing-form.png]
[copytradestation.com/img/platform-bg.png]
[copytradestation.com/img/main/appendix-bg.png]
[copytradestation.com/css/main.min1679.css]
[copytradestation.com/css/custom.css]
[copytradestation.com/css/all.min.css]
[copytradestation.com/“https_/www.smartsupp.html]
[copytradestation.com/img/brokerage_PlatformsPicks.png]
[copytradestation.com/img/Stock-Exchange_1.png]
[copytradestation.com/about.html]
[copytradestation.com/img/about-us-desires.png]
[copytradestation.com/option-copy-trading.html]
[copytradestation.com/advance-trading.html]
[copytradestation.com/live-trading.html]
[copytradestation.com/futures.html]
[copytradestation.com/stock-trading.html]
[copytradestation.com/forex.html]
[copytradestation.com/oil-and-gas.html]
[copytradestation.com/img/5191079.jpg]
[copytradestation.com/insight.html]
[copytradestation.com/assets/images/seo/62e1644a6eaf71658938442.jpeg]
[copytradestation.com/auth/app.css]
[gtranslate.net/flags/16.png]
[copytradestation.com/auth/blank.min125c.css]
[gtranslate.net/flags/16a.png]
[copytradestation.com/assets/templates/basic/newfront/png/header-bg-3.png]
[copytradestation.com/login.html.html]
[copytradestation.com/en/faq]
[copytradestation.com/en/faq/index.html]
[copytradestation.com/en/about-us]
[copytradestation.com/en/about-us/index.html]
[copytradestation.com/img/platform.html]
[copytradestation.com/img/platform-mobile.html]
[copytradestation.com/register.html]
[copytradestation.com/img/youtube.svg]
[copytradestation.com/img/facebook.svg]
[copytradestation.com/img/instagram.svg]
[copytradestation.com/img/twitter.svg]
[copytradestation.com/contact.html]
[copytradestation.com/cdn-cgi/l/email-protection.html]
[copytradestation.com/terms.html]
[copytradestation.com/faq.html]
[copytradestation.com/faq/index.html]
[copytradestation.com/img/images/spritemap.html]
[copytradestation.com/themes/cabinet/fonts/NunitoSansRegular/NunitoSansRegular.html]
[copytradestation.com/themes/cabinet/fonts/NunitoSansRegular/NunitoSansRegulard41d.html]
[copytradestation.com/themes/cabinet/fonts/NunitoSansRegular/NunitoSansRegular-2.html]
[copytradestation.com/themes/cabinet/fonts/NunitoSansRegular/NunitoSansRegular-3.html]
[copytradestation.com/themes/cabinet/fonts/OpenSansSemiBold/OpenSans-SemiBold.html]
[copytradestation.com/themes/cabinet/fonts/OpenSansSemiBold/OpenSans-SemiBoldd41d.html]
[copytradestation.com/themes/cabinet/fonts/OpenSansSemiBold/OpenSans-SemiBold-2.html]
[copytradestation.com/themes/cabinet/fonts/OpenSansSemiBold/OpenSans-SemiBold-3.html]
[copytradestation.com/svg/icon-left.html]
[copytradestation.com/png/ic-eye.html]
[copytradestation.com/png/ic-eye@2x.html]
[copytradestation.com/png/icon-facebook.html]
[copytradestation.com/png/icon-google.html]
[copytradestation.com/auth/icon-refresh-blue.svg]
[copytradestation.com/fonts/Roboto-Thin.html]
[copytradestation.com/fonts/Roboto-Thinitalic.html]
[copytradestation.com/fonts/Robotolight.html]
[copytradestation.com/fonts/Roboto-Lightitalic.html]
[copytradestation.com/fonts/Roboto-Italic.html]
[copytradestation.com/fonts/Roboto-Mediumitalic.html]
[copytradestation.com/fonts/Roboto-Bolditalic.html]
[copytradestation.com/fonts/Roboto-Blackitalic.html]
[copytradestation.com/img/icons/arrow-green-right.html]
[copytradestation.com/img/icons/youtube-white.html]
[copytradestation.com/img/icons/facebook-white.html]
[copytradestation.com/img/icons/instagram-white.html]
[copytradestation.com/img/icons/twitter-white.html]
[copytradestation.com/img/icons/arrow-right-white.html]
[copytradestation.com/img/icons/arrow-contact.html]
[copytradestation.com/img/icons/online-learning.html]
[copytradestation.com/img/icons/mind.html]
[copytradestation.com/img/icons/bubble-speak.html]
[copytradestation.com/img/visa.svg]
[copytradestation.com/img/mastercard.svg]
[copytradestation.com/img/icons/skrill.html]
[copytradestation.com/img/icons/neteller.html]
[copytradestation.com/img/icons/yandex.html]
[copytradestation.com/img/icons/webmoney.html]
[copytradestation.com/img/icons/qiwi.html]
[copytradestation.com/img/icons/rupay.html]
[copytradestation.com/img/icons/airtel.html]
[copytradestation.com/img/icons/olamoney.html]
[copytradestation.com/img/icons/upi.html]
[copytradestation.com/img/icons/mobikwik.html]
[copytradestation.com/img/icons/paytm.html]
[copytradestation.com/img/icons/bank_indian.html]
[copytradestation.com/img/icons/bni.html]
[copytradestation.com/img/icons/doku.html]
[copytradestation.com/img/icons/mandiri.html]
[copytradestation.com/img/icons/danamon.html]
[copytradestation.com/img/icons/bank_indonesian.html]
[copytradestation.com/img/icons/pix.html]
[copytradestation.com/img/icons/paylivre.html]
[copytradestation.com/img/icons/itau.html]
[copytradestation.com/img/advcash.svg]
[copytradestation.com/img/icons/maybank.html]
[copytradestation.com/img/icons/rhb_bank.html]
[copytradestation.com/img/icons/cimb.html]
[copytradestation.com/img/icons/hong_leon.html]
[copytradestation.com/img/icons/public_bank.html]
[copytradestation.com/img/icons/bank_malasia.html]
[copytradestation.com/img/icons/promptpay.html]
[copytradestation.com/img/perfect_money.svg]
[copytradestation.com/img/icons/bank_thailand.html]
[copytradestation.com/img/icons/grabpay.html]
[copytradestation.com/img/icons/gcash.html]
[copytradestation.com/img/icons/paymaya.html]
[copytradestation.com/img/icons/coins_ph.html]
[copytradestation.com/img/icons/momo.html]
[copytradestation.com/img/icons/bank_vietnam.html]
[copytradestation.com/img/icons/yomoney.html]
[copytradestation.com/img/icons/fkwallet.html]
[copytradestation.com/img/icons/piastrix.html]
[copytradestation.com/img/icons/analytics.html]
[copytradestation.com/img/icons/diagram.html]
[copytradestation.com/img/icons/graph.html]
[copytradestation.com/img/icons/award.html]
[copytradestation.com/img/icons/rocket.html]
[copytradestation.com/img/icons/businessman.html]
[copytradestation.com/img/icons/youtube.html]
[copytradestation.com/img/icons/facebook.html]
[copytradestation.com/img/icons/instagram.html]
[copytradestation.com/img/icons/twitter.html]
[copytradestation.com/img/icons/arrow-dark-down.html]
[copytradestation.com/img/icons/arrow-white-down.html]
[copytradestation.com/img/countries/english.html]
[copytradestation.com/img/countries/russia.html]
[copytradestation.com/img/countries/portugal.html]
[copytradestation.com/img/countries/spain.html]
[copytradestation.com/img/countries/italian.html]
[copytradestation.com/img/countries/poland.html]
[copytradestation.com/img/countries/france.html]
[copytradestation.com/img/countries/deutsch.html]
[copytradestation.com/img/countries/indonesian.html]
[copytradestation.com/img/countries/ukraine.html]
[copytradestation.com/img/countries/china.html]
[copytradestation.com/img/countries/turkey.html]
[copytradestation.com/img/countries/india.html]
[copytradestation.com/img/countries/iran.html]
[copytradestation.com/img/countries/thailand.html]
[copytradestation.com/img/countries/saudi.html]
[copytradestation.com/img/countries/vietnam.html]
[copytradestation.com/img/countries/malay.html]
[copytradestation.com/img/countries/philippines.html]
[copytradestation.com/img/countries/brazil.html]
[copytradestation.com/img/countries/japan.html]
[copytradestation.com/img/countries/bangladesh.html]
[copytradestation.com/img/icons/article.html]
[copytradestation.com/img/icons/video.html]
[copytradestation.com/img/icons/facebook-color.html]
[copytradestation.com/img/icons/google-color.html]
[copytradestation.com/img/icons/vk-color.html]
[copytradestation.com/img/icons/facebook-login.html]
[copytradestation.com/img/icons/google.html]
[copytradestation.com/img/icons/vk.html]
[copytradestation.com/img/icons/error.html]
[copytradestation.com/img/icons/tw-blue.html]
[copytradestation.com/img/icons/tg-blue.html]
[copytradestation.com/img/icons/inst-blue.html]
[copytradestation.com/img/icons/fb-blue.html]
[copytradestation.com/img/icons/arrow-dark-left.html]
[copytradestation.com/img/icons/arrow-dark-right.html]
[copytradestation.com/img/icons/arrow-green-up.html]
[copytradestation.com/img/icons/arrow-red-down.html]
[copytradestation.com/img/quotex_logo.html]
[copytradestation.com/img/quotex_logo-white-mobile.html]
[copytradestation.com/img/icons/alert.html]
[copytradestation.com/img/icons/quote.html]
[copytradestation.com/img/icons/to-top.html]
[copytradestation.com/img/icons/plainCon.html]
[copytradestation.com/img/icons/beforecontact.html]
[copytradestation.com/img/about-us-modern-mobile.html]
[copytradestation.com/img/about-us-problem-quotes.html]
[copytradestation.com/img/about-us-innovation-mobile.html]
[copytradestation.com/img/main/appendix-bg.html]
[copytradestation.com/assets/images/seo/62e1644a6eaf71658938442.html]
[copytradestation.com/cdn-cgi/scripts/5c5dd728/cloudflare-static/email-decode.min.js]
[copytradestation.com/auth/bootstrap.min.css]
[copytradestation.com/auth/style.css]
[copytradestation.com/auth/aos.css]
[copytradestation.com/auth/all.min.css]
[copytradestation.com/auth/png/crypto.png]
[copytradestation.com/png/bg-sale-1.png]
[copytradestation.com/png/bg-couter.png]
[copytradestation.com/png/arrow-down.png]
[copytradestation.com/auth/app.css]
[copytradestation.com/auth/blank.min125c.css]
[copytradestation.com/assets/templates/basic/newfront/png/header-bg-3.html]
[copytradestation.com/en/faq.html]
[copytradestation.com/en/about-us.html]
[copytradestation.com/cdn-cgi/l/email-protection.html]
[copytradestation.com/auth/bootstrap.min.css]
[copytradestation.com/eot/icomoon3f143f14.eot]
[copytradestation.com/ttf/icomoon3f143f14.ttf]
[copytradestation.com/woff/icomoon3f143f14.woff]
[copytradestation.com/svg/icomoon3f143f14.svg]
[copytradestation.com/auth/style.css]
[copytradestation.com/auth/aos.html]
[copytradestation.com/auth/all.min.css]
[copytradestation.com/auth/png/crypto.html]
[copytradestation.com/png/bg-sale-1.html]
[copytradestation.com/png/bg-couter.html]
[copytradestation.com/png/arrow-down.html]
[/img/favicon.png]
[copytradestation.com/eot/icomoon3f143f14.html]
[copytradestation.com/ttf/icomoon3f143f14.html]
[copytradestation.com/woff/icomoon3f143f14.html]
[copytradestation.com/svg/icomoon3f143f14.html]
